---
source: d4d/src/project/global.rs
expression: projects
---
Ok(
    GlobalProjects {
        all: [
            GlobalProject {
                name: "project_1",
                current_env: None,
                git_secret_repo: None,
            },
            GlobalProject {
                name: "project_2",
                current_env: Some(
                    "dev",
                ),
                git_secret_repo: None,
            },
            GlobalProject {
                name: "project_3",
                current_env: Some(
                    "prod",
                ),
                git_secret_repo: Some(
                    "git@privategit.com",
                ),
            },
        ],
    },
)
